XGBoost Model Training and Test Results
============================================================
Bayesian optimized 5‑fold CV Macro‑F1: 0.8478
Best hyper‑parameters:
  n_estimators: 479
  max_depth: 9
  learning_rate: 0.007708766258401475
  subsample: 0.8402936042487121
  colsample_bytree: 0.8046335823750965
  gamma: 0.008877034835587416
  min_child_weight: 4
  random_state: 20
  use_label_encoder: False
  eval_metric: mlogloss
  n_jobs: 2
============================================================
Test Accuracy: 0.8167
Test Macro‑F1: 0.8107
Test Weighted‑F1: 0.8149

Test Confusion Matrix:
[[25  5  1  5]
 [ 0 49  2  4]
 [ 1  0 34  1]
 [ 9  1  4 39]]

====== Per‑class Recall ======
Class 0: Recall = 0.6944
Class 1: Recall = 0.8909
Class 2: Recall = 0.9444
Class 3: Recall = 0.7358

====== Full Classification Report ======
              precision    recall  f1-score   support

           0       0.71      0.69      0.70        36
           1       0.89      0.89      0.89        55
           2       0.83      0.94      0.88        36
           3       0.80      0.74      0.76        53

    accuracy                           0.82       180
   macro avg       0.81      0.82      0.81       180
weighted avg       0.82      0.82      0.81       180
